
Discarded input sections

 .text          0x00000000        0x0 ..\obj\startup_stm32f10x_ld.o
 .data          0x00000000        0x0 ..\obj\startup_stm32f10x_ld.o
 .bss           0x00000000        0x0 ..\obj\startup_stm32f10x_ld.o
 .text          0x00000000        0x0 ..\obj\system_stm32f10x.o
 .data          0x00000000       0x14 ..\obj\system_stm32f10x.o
 .bss           0x00000000        0x0 ..\obj\system_stm32f10x.o
 .text.SystemCoreClockUpdate
                0x00000000       0xd8 ..\obj\system_stm32f10x.o
 .text          0x00000000        0x0 ..\obj\stm32f10x_can.o
 .data          0x00000000        0x0 ..\obj\stm32f10x_can.o
 .bss           0x00000000        0x0 ..\obj\stm32f10x_can.o
 .text.CAN_SlaveStartBank
                0x00000000       0x60 ..\obj\stm32f10x_can.o
 .text.CAN_DBGFreeze
                0x00000000       0x38 ..\obj\stm32f10x_can.o
 .text.CAN_TTComModeCmd
                0x00000000       0x98 ..\obj\stm32f10x_can.o
 .text.CAN_CancelTransmit
                0x00000000       0x50 ..\obj\stm32f10x_can.o
 .text.CAN_FIFORelease
                0x00000000       0x38 ..\obj\stm32f10x_can.o
 .text.CAN_MessagePending
                0x00000000       0x4c ..\obj\stm32f10x_can.o
 .text.CAN_OperatingModeRequest
                0x00000000       0xfc ..\obj\stm32f10x_can.o
 .text.CAN_Sleep
                0x00000000       0x3c ..\obj\stm32f10x_can.o
 .text.CAN_WakeUp
                0x00000000       0x58 ..\obj\stm32f10x_can.o
 .text.CAN_GetFlagStatus
                0x00000000       0xd0 ..\obj\stm32f10x_can.o
 .text          0x00000000        0x0 ..\obj\stm32f10x_gpio.o
 .data          0x00000000        0x0 ..\obj\stm32f10x_gpio.o
 .bss           0x00000000        0x0 ..\obj\stm32f10x_gpio.o
 .text.GPIO_DeInit
                0x00000000       0xe4 ..\obj\stm32f10x_gpio.o
 .text.GPIO_AFIODeInit
                0x00000000       0x18 ..\obj\stm32f10x_gpio.o
 .text.GPIO_StructInit
                0x00000000       0x28 ..\obj\stm32f10x_gpio.o
 .text.GPIO_ReadInputDataBit
                0x00000000       0x34 ..\obj\stm32f10x_gpio.o
 .text.GPIO_ReadInputData
                0x00000000       0x1c ..\obj\stm32f10x_gpio.o
 .text.GPIO_ReadOutputDataBit
                0x00000000       0x34 ..\obj\stm32f10x_gpio.o
 .text.GPIO_ReadOutputData
                0x00000000       0x1c ..\obj\stm32f10x_gpio.o
 .text.GPIO_SetBits
                0x00000000       0x1c ..\obj\stm32f10x_gpio.o
 .text.GPIO_ResetBits
                0x00000000       0x1c ..\obj\stm32f10x_gpio.o
 .text.GPIO_WriteBit
                0x00000000       0x30 ..\obj\stm32f10x_gpio.o
 .text.GPIO_Write
                0x00000000       0x1c ..\obj\stm32f10x_gpio.o
 .text.GPIO_PinLockConfig
                0x00000000       0x44 ..\obj\stm32f10x_gpio.o
 .text.GPIO_EventOutputConfig
                0x00000000       0x48 ..\obj\stm32f10x_gpio.o
 .text.GPIO_EventOutputCmd
                0x00000000       0x20 ..\obj\stm32f10x_gpio.o
 .text.GPIO_EXTILineConfig
                0x00000000       0x7c ..\obj\stm32f10x_gpio.o
 .text.GPIO_ETH_MediaInterfaceConfig
                0x00000000       0x1c ..\obj\stm32f10x_gpio.o
 .text          0x00000000        0x0 ..\obj\main.o
 .data          0x00000000        0x0 ..\obj\main.o
 .bss           0x00000000        0x0 ..\obj\main.o
 .text          0x00000000        0x0 ..\obj\can.o
 .data          0x00000000        0x0 ..\obj\can.o
 .text.CAN_Send_Ok
                0x00000000       0x30 ..\obj\can.o
 .text          0x00000000        0x0 ..\obj\stm32f10x_rcc.o
 .bss           0x00000000        0x0 ..\obj\stm32f10x_rcc.o
 .text.RCC_AdjustHSICalibrationValue
                0x00000000       0x3c ..\obj\stm32f10x_rcc.o
 .text.RCC_HSICmd
                0x00000000       0x20 ..\obj\stm32f10x_rcc.o
 .text.RCC_ITConfig
                0x00000000       0x48 ..\obj\stm32f10x_rcc.o
 .text.RCC_USBCLKConfig
                0x00000000       0x1c ..\obj\stm32f10x_rcc.o
 .text.RCC_LSEConfig
                0x00000000       0x40 ..\obj\stm32f10x_rcc.o
 .text.RCC_LSICmd
                0x00000000       0x20 ..\obj\stm32f10x_rcc.o
 .text.RCC_RTCCLKConfig
                0x00000000       0x24 ..\obj\stm32f10x_rcc.o
 .text.RCC_RTCCLKCmd
                0x00000000       0x20 ..\obj\stm32f10x_rcc.o
 .text.RCC_AHBPeriphClockCmd
                0x00000000       0x3c ..\obj\stm32f10x_rcc.o
 .text.RCC_APB2PeriphResetCmd
                0x00000000       0x3c ..\obj\stm32f10x_rcc.o
 .text.RCC_BackupResetCmd
                0x00000000       0x20 ..\obj\stm32f10x_rcc.o
 .text.RCC_ClockSecuritySystemCmd
                0x00000000       0x20 ..\obj\stm32f10x_rcc.o
 .text.RCC_MCOConfig
                0x00000000       0x20 ..\obj\stm32f10x_rcc.o
 .text.RCC_ClearFlag
                0x00000000       0x1c ..\obj\stm32f10x_rcc.o
 .text.RCC_GetITStatus
                0x00000000       0x38 ..\obj\stm32f10x_rcc.o
 .text.RCC_ClearITPendingBit
                0x00000000       0x20 ..\obj\stm32f10x_rcc.o
 .text          0x00000000        0x0 ..\obj\misc.o
 .data          0x00000000        0x0 ..\obj\misc.o
 .bss           0x00000000        0x0 ..\obj\misc.o
 .text.NVIC_PriorityGroupConfig
                0x00000000       0x24 ..\obj\misc.o
 .text.NVIC_SetVectorTable
                0x00000000       0x2c ..\obj\misc.o
 .text.NVIC_SystemLPConfig
                0x00000000       0x40 ..\obj\misc.o
 .text.SysTick_CLKSourceConfig
                0x00000000       0x38 ..\obj\misc.o

Memory Configuration

Name             Origin             Length             Attributes
rom              0x08000000         0x00008000         xr
ram              0x20000000         0x00002800         xrw
*default*        0x00000000         0xffffffff

Linker script and memory map

                0x20002800                _eram = 0x20002800

.text           0x08000000     0x1bf4
 *(.isr_vector)
 .isr_vector    0x08000000      0x10c ..\obj\startup_stm32f10x_ld.o
                0x08000000                g_pfnVectors
 *(.text*)
 .text.Default_Reset_Handler
                0x0800010c       0x60 ..\obj\startup_stm32f10x_ld.o
                0x0800010c                Default_Reset_Handler
                0x0800010c                Reset_Handler
 .text.Default_Handler
                0x0800016c        0x8 ..\obj\startup_stm32f10x_ld.o
                0x0800016c                EXTI2_IRQHandler
                0x0800016c                DebugMon_Handler
                0x0800016c                TIM1_CC_IRQHandler
                0x0800016c                HardFault_Handler
                0x0800016c                SysTick_Handler
                0x0800016c                PVD_IRQHandler
                0x0800016c                PendSV_Handler
                0x0800016c                NMI_Handler
                0x0800016c                EXTI3_IRQHandler
                0x0800016c                EXTI0_IRQHandler
                0x0800016c                UsageFault_Handler
                0x0800016c                ADC1_2_IRQHandler
                0x0800016c                SPI1_IRQHandler
                0x0800016c                TAMPER_IRQHandler
                0x0800016c                DMA1_Channel4_IRQHandler
                0x0800016c                RTC_IRQHandler
                0x0800016c                DMA1_Channel7_IRQHandler
                0x0800016c                I2C1_EV_IRQHandler
                0x0800016c                DMA1_Channel6_IRQHandler
                0x0800016c                TIM3_IRQHandler
                0x0800016c                RCC_IRQHandler
                0x0800016c                TIM1_TRG_COM_IRQHandler
                0x0800016c                DMA1_Channel1_IRQHandler
                0x0800016c                EXTI15_10_IRQHandler
                0x0800016c                EXTI9_5_IRQHandler
                0x0800016c                MemManage_Handler
                0x0800016c                SVC_Handler
                0x0800016c                DMA1_Channel5_IRQHandler
                0x0800016c                EXTI4_IRQHandler
                0x0800016c                DMA1_Channel3_IRQHandler
                0x0800016c                TIM1_UP_IRQHandler
                0x0800016c                WWDG_IRQHandler
                0x0800016c                TIM2_IRQHandler
                0x0800016c                TIM1_BRK_IRQHandler
                0x0800016c                EXTI1_IRQHandler
                0x0800016c                RTCAlarm_IRQHandler
                0x0800016c                USART2_IRQHandler
                0x0800016c                DMA1_Channel2_IRQHandler
                0x0800016c                FLASH_IRQHandler
                0x0800016c                BusFault_Handler
                0x0800016c                USART1_IRQHandler
                0x0800016c                I2C1_ER_IRQHandler
                0x0800016c                USBWakeUp_IRQHandler
 .text.SystemInit
                0x08000174       0x68 ..\obj\system_stm32f10x.o
                0x08000174                SystemInit
 .text.SetSysClock
                0x080001dc        0xc ..\obj\system_stm32f10x.o
 .text.SetSysClockTo72
                0x080001e8      0x100 ..\obj\system_stm32f10x.o
 .text.CAN_DeInit
                0x080002e8       0x44 ..\obj\stm32f10x_can.o
                0x080002e8                CAN_DeInit
 .text.CAN_Init
                0x0800032c      0x1a4 ..\obj\stm32f10x_can.o
                0x0800032c                CAN_Init
 .text.CAN_FilterInit
                0x080004d0      0x164 ..\obj\stm32f10x_can.o
                0x080004d0                CAN_FilterInit
 .text.CAN_StructInit
                0x08000634       0x54 ..\obj\stm32f10x_can.o
                0x08000634                CAN_StructInit
 .text.CAN_Transmit
                0x08000688      0x190 ..\obj\stm32f10x_can.o
                0x08000688                CAN_Transmit
 .text.CAN_TransmitStatus
                0x08000818       0xd4 ..\obj\stm32f10x_can.o
                0x08000818                CAN_TransmitStatus
 .text.CAN_Receive
                0x080008ec      0x170 ..\obj\stm32f10x_can.o
                0x080008ec                CAN_Receive
 .text.CAN_GetLastErrorCode
                0x08000a5c       0x28 ..\obj\stm32f10x_can.o
                0x08000a5c                CAN_GetLastErrorCode
 .text.CAN_GetReceiveErrorCounter
                0x08000a84       0x24 ..\obj\stm32f10x_can.o
                0x08000a84                CAN_GetReceiveErrorCounter
 .text.CAN_GetLSBTransmitErrorCounter
                0x08000aa8       0x28 ..\obj\stm32f10x_can.o
                0x08000aa8                CAN_GetLSBTransmitErrorCounter
 .text.CAN_ITConfig
                0x08000ad0       0x3c ..\obj\stm32f10x_can.o
                0x08000ad0                CAN_ITConfig
 .text.CAN_ClearFlag
                0x08000b0c       0x70 ..\obj\stm32f10x_can.o
                0x08000b0c                CAN_ClearFlag
 .text.CAN_GetITStatus
                0x08000b7c      0x194 ..\obj\stm32f10x_can.o
                0x08000b7c                CAN_GetITStatus
 .text.CAN_ClearITPendingBit
                0x08000d10       0xdc ..\obj\stm32f10x_can.o
                0x08000d10                CAN_ClearITPendingBit
 .text.CheckITStatus
                0x08000dec       0x30 ..\obj\stm32f10x_can.o
 .text.GPIO_Init
                0x08000e1c      0x178 ..\obj\stm32f10x_gpio.o
                0x08000e1c                GPIO_Init
 .text.GPIO_PinRemapConfig
                0x08000f94       0xe0 ..\obj\stm32f10x_gpio.o
                0x08000f94                GPIO_PinRemapConfig
 .text.RCC_Config
                0x08001074       0x7c ..\obj\main.o
                0x08001074                RCC_Config
 .text.main     0x080010f0       0x30 ..\obj\main.o
                0x080010f0                main
 .text.init_CAN
                0x08001120      0x1ec ..\obj\can.o
                0x08001120                init_CAN
 .text.USB_HP_CAN1_TX_IRQHandler
                0x0800130c       0x20 ..\obj\can.o
                0x0800130c                USB_HP_CAN1_TX_IRQHandler
 .text.USB_LP_CAN1_RX0_IRQHandler
                0x0800132c       0xb0 ..\obj\can.o
                0x0800132c                USB_LP_CAN1_RX0_IRQHandler
 .text.CAN1_RX1_IRQHandler
                0x080013dc       0xac ..\obj\can.o
                0x080013dc                CAN1_RX1_IRQHandler
 .text.CAN1_SCE_IRQHandler
                0x08001488      0x11c ..\obj\can.o
                0x08001488                CAN1_SCE_IRQHandler
 .text.CAN_Send_Test
                0x080015a4       0x68 ..\obj\can.o
                0x080015a4                CAN_Send_Test
 .text.RCC_DeInit
                0x0800160c       0x5c ..\obj\stm32f10x_rcc.o
                0x0800160c                RCC_DeInit
 .text.RCC_HSEConfig
                0x08001668       0x5c ..\obj\stm32f10x_rcc.o
                0x08001668                RCC_HSEConfig
 .text.RCC_WaitForHSEStartUp
                0x080016c4       0x50 ..\obj\stm32f10x_rcc.o
                0x080016c4                RCC_WaitForHSEStartUp
 .text.RCC_PLLConfig
                0x08001714       0x3c ..\obj\stm32f10x_rcc.o
                0x08001714                RCC_PLLConfig
 .text.RCC_PLLCmd
                0x08001750       0x20 ..\obj\stm32f10x_rcc.o
                0x08001750                RCC_PLLCmd
 .text.RCC_SYSCLKConfig
                0x08001770       0x38 ..\obj\stm32f10x_rcc.o
                0x08001770                RCC_SYSCLKConfig
 .text.RCC_GetSYSCLKSource
                0x080017a8       0x20 ..\obj\stm32f10x_rcc.o
                0x080017a8                RCC_GetSYSCLKSource
 .text.RCC_HCLKConfig
                0x080017c8       0x38 ..\obj\stm32f10x_rcc.o
                0x080017c8                RCC_HCLKConfig
 .text.RCC_PCLK1Config
                0x08001800       0x38 ..\obj\stm32f10x_rcc.o
                0x08001800                RCC_PCLK1Config
 .text.RCC_PCLK2Config
                0x08001838       0x38 ..\obj\stm32f10x_rcc.o
                0x08001838                RCC_PCLK2Config
 .text.RCC_ADCCLKConfig
                0x08001870       0x38 ..\obj\stm32f10x_rcc.o
                0x08001870                RCC_ADCCLKConfig
 .text.RCC_GetClocksFreq
                0x080018a8      0x164 ..\obj\stm32f10x_rcc.o
                0x080018a8                RCC_GetClocksFreq
 .text.RCC_APB2PeriphClockCmd
                0x08001a0c       0x3c ..\obj\stm32f10x_rcc.o
                0x08001a0c                RCC_APB2PeriphClockCmd
 .text.RCC_APB1PeriphClockCmd
                0x08001a48       0x3c ..\obj\stm32f10x_rcc.o
                0x08001a48                RCC_APB1PeriphClockCmd
 .text.RCC_APB1PeriphResetCmd
                0x08001a84       0x3c ..\obj\stm32f10x_rcc.o
                0x08001a84                RCC_APB1PeriphResetCmd
 .text.RCC_GetFlagStatus
                0x08001ac0       0x74 ..\obj\stm32f10x_rcc.o
                0x08001ac0                RCC_GetFlagStatus
 .text.NVIC_Init
                0x08001b34       0xc0 ..\obj\misc.o
                0x08001b34                NVIC_Init
 *(.init)
 *(.fini)
 *crtbegin.o(.ctors)
 *crtbegin?.o(.ctors)
 *(EXCLUDE_FILE(*crtend.o *crtend?.o) .ctors)
 *(SORT(.ctors.*))
 *(.ctors)
 *crtbegin.o(.dtors)
 *crtbegin?.o(.dtors)
 *(EXCLUDE_FILE(*crtend.o *crtend?.o) .dtors)
 *(SORT(.dtors.*))
 *(.dtors)
 *(.rodata*)
 *(.eh_fram e*)

.glue_7         0x08001bf4        0x0
 .glue_7        0x00000000        0x0 linker stubs

.glue_7t        0x08001bf4        0x0
 .glue_7t       0x00000000        0x0 linker stubs

.vfp11_veneer   0x08001bf4        0x0
 .vfp11_veneer  0x00000000        0x0 linker stubs

.v4_bx          0x08001bf4        0x0
 .v4_bx         0x00000000        0x0 linker stubs

.iplt           0x08001bf4        0x0
 .iplt          0x00000000        0x0 ..\obj\startup_stm32f10x_ld.o

.rel.dyn        0x08001bf4        0x0
 .rel.iplt      0x00000000        0x0 ..\obj\startup_stm32f10x_ld.o

.ARM.extab
 *(.ARM.extab* .gnu.linkonce.armextab.*)
                0x08001bf4                __exidx_start = .

.ARM.exidx
 *(.ARM.exidx* .gnu.linkonce.armexidx.*)
                0x08001bf4                __exidx_end = .
                0x08001bf4                __etext = .
                0x08001bf4                _sidata = __etext

.data           0x20000000       0x14 load address 0x08001bf4
                0x20000000                __data_start__ = .
                0x20000000                _sdata = __data_start__
 *(vtable)
 *(.data*)
 .data          0x20000000       0x14 ..\obj\stm32f10x_rcc.o
                0x20000014                . = ALIGN (0x4)
                0x20000014                PROVIDE (__preinit_array_start, .)
 *(.preinit_array)
                0x20000014                PROVIDE (__preinit_array_end, .)
                0x20000014                . = ALIGN (0x4)
                0x20000014                PROVIDE (__init_array_start, .)
 *(SORT(.init_array.*))
 *(.init_array)
                0x20000014                PROVIDE (__init_array_end, .)
                0x20000014                . = ALIGN (0x4)
                0x20000014                PROVIDE (__fini_array_start, .)
 *(SORT(.fini_array.*))
 *(.fini_array)
                0x20000014                PROVIDE (__fini_array_end, .)
 *(.jcr*)
                0x20000014                . = ALIGN (0x4)
                0x20000014                __data_end__ = .
                0x20000014                _edata = __data_end__

.igot.plt       0x20000014        0x0 load address 0x08001c08
 .igot.plt      0x00000000        0x0 ..\obj\startup_stm32f10x_ld.o

.bss            0x20000014        0x4 load address 0x08001c08
                0x20000014                . = ALIGN (0x4)
                0x20000014                __bss_start__ = .
                0x20000014                _sbss = __bss_start__
 *(.bss*)
 .bss           0x20000014        0x1 ..\obj\can.o
                0x20000014                errcnt
 *(COMMON)
                0x20000018                . = ALIGN (0x4)
 *fill*         0x20000015        0x3 
                0x20000018                __bss_end__ = .
                0x20000018                _ebss = __bss_end__

.heap           0x20000018        0x0
                0x20000018                __end__ = .
                0x20000018                _end = __end__
                0x20000018                end = __end__
 *(.heap*)
                0x20000018                __HeapLimit = .

.co_stack       0x20000018      0x400 load address 0x08001c0c
                0x20000018                . = ALIGN (0x8)
 *(.co_stack .co_stack.*)
 .co_stack      0x20000018      0x400 ..\obj\startup_stm32f10x_ld.o
                0x20000018                pulStack
                0x20002800                __StackTop = (ORIGIN (ram) + 0x2800)
                0x20002400                __StackLimit = (__StackTop - SIZEOF (.co_stack))
                0x20002800                PROVIDE (__stack, __StackTop)
                0x00000001                ASSERT ((__StackLimit >= __HeapLimit), region ram  overflowed with stack)
LOAD ..\obj\startup_stm32f10x_ld.o
LOAD ..\obj\system_stm32f10x.o
LOAD ..\obj\stm32f10x_can.o
LOAD ..\obj\stm32f10x_gpio.o
LOAD ..\obj\main.o
LOAD ..\obj\can.o
LOAD ..\obj\stm32f10x_rcc.o
LOAD ..\obj\misc.o
START GROUP
LOAD c:/program files (x86)/atmel/atmel toolchain/arm gcc/native/4.8.1443/arm-gnu-toolchain/bin/../lib/gcc/arm-none-eabi/4.8.4/armv7-m\libgcc.a
LOAD c:/program files (x86)/atmel/atmel toolchain/arm gcc/native/4.8.1443/arm-gnu-toolchain/bin/../lib/gcc/arm-none-eabi/4.8.4/../../../../arm-none-eabi/lib/armv7-m\libg.a
LOAD c:/program files (x86)/atmel/atmel toolchain/arm gcc/native/4.8.1443/arm-gnu-toolchain/bin/../lib/gcc/arm-none-eabi/4.8.4/../../../../arm-none-eabi/lib/armv7-m\libc.a
END GROUP
OUTPUT(CAN_protocol_stm32f103_test_interrupt.elf elf32-littlearm)

.debug_info     0x00000000     0x34c4
 .debug_info    0x00000000       0xff ..\obj\startup_stm32f10x_ld.o
 .debug_info    0x000000ff      0x4e4 ..\obj\system_stm32f10x.o
 .debug_info    0x000005e3      0xca0 ..\obj\stm32f10x_can.o
 .debug_info    0x00001283      0x765 ..\obj\stm32f10x_gpio.o
 .debug_info    0x000019e8      0x1ea ..\obj\main.o
 .debug_info    0x00001bd2      0x9ee ..\obj\can.o
 .debug_info    0x000025c0      0x951 ..\obj\stm32f10x_rcc.o
 .debug_info    0x00002f11      0x5b3 ..\obj\misc.o

.debug_abbrev   0x00000000      0xaef
 .debug_abbrev  0x00000000       0xa9 ..\obj\startup_stm32f10x_ld.o
 .debug_abbrev  0x000000a9      0x14e ..\obj\system_stm32f10x.o
 .debug_abbrev  0x000001f7      0x1d7 ..\obj\stm32f10x_can.o
 .debug_abbrev  0x000003ce      0x1ca ..\obj\stm32f10x_gpio.o
 .debug_abbrev  0x00000598       0xdc ..\obj\main.o
 .debug_abbrev  0x00000674      0x196 ..\obj\can.o
 .debug_abbrev  0x0000080a      0x1bc ..\obj\stm32f10x_rcc.o
 .debug_abbrev  0x000009c6      0x129 ..\obj\misc.o

.debug_loc      0x00000000     0x1468
 .debug_loc     0x00000000       0x64 ..\obj\startup_stm32f10x_ld.o
 .debug_loc     0x00000064       0xc8 ..\obj\system_stm32f10x.o
 .debug_loc     0x0000012c      0x578 ..\obj\stm32f10x_can.o
 .debug_loc     0x000006a4      0x3e4 ..\obj\stm32f10x_gpio.o
 .debug_loc     0x00000a88       0x70 ..\obj\main.o
 .debug_loc     0x00000af8      0x17c ..\obj\can.o
 .debug_loc     0x00000c74      0x6dc ..\obj\stm32f10x_rcc.o
 .debug_loc     0x00001350      0x118 ..\obj\misc.o

.debug_aranges  0x00000000      0x3b8
 .debug_aranges
                0x00000000       0x28 ..\obj\startup_stm32f10x_ld.o
 .debug_aranges
                0x00000028       0x38 ..\obj\system_stm32f10x.o
 .debug_aranges
                0x00000060       0xe0 ..\obj\stm32f10x_can.o
 .debug_aranges
                0x00000140       0xa8 ..\obj\stm32f10x_gpio.o
 .debug_aranges
                0x000001e8       0x28 ..\obj\main.o
 .debug_aranges
                0x00000210       0x50 ..\obj\can.o
 .debug_aranges
                0x00000260      0x118 ..\obj\stm32f10x_rcc.o
 .debug_aranges
                0x00000378       0x40 ..\obj\misc.o

.debug_ranges   0x00000000      0x338
 .debug_ranges  0x00000000       0x18 ..\obj\startup_stm32f10x_ld.o
 .debug_ranges  0x00000018       0x28 ..\obj\system_stm32f10x.o
 .debug_ranges  0x00000040       0xd0 ..\obj\stm32f10x_can.o
 .debug_ranges  0x00000110       0x98 ..\obj\stm32f10x_gpio.o
 .debug_ranges  0x000001a8       0x18 ..\obj\main.o
 .debug_ranges  0x000001c0       0x40 ..\obj\can.o
 .debug_ranges  0x00000200      0x108 ..\obj\stm32f10x_rcc.o
 .debug_ranges  0x00000308       0x30 ..\obj\misc.o

.debug_line     0x00000000     0x1be3
 .debug_line    0x00000000       0xb9 ..\obj\startup_stm32f10x_ld.o
 .debug_line    0x000000b9      0x27a ..\obj\system_stm32f10x.o
 .debug_line    0x00000333      0x5fc ..\obj\stm32f10x_can.o
 .debug_line    0x0000092f      0x43f ..\obj\stm32f10x_gpio.o
 .debug_line    0x00000d6e      0x2ad ..\obj\main.o
 .debug_line    0x0000101b      0x3a6 ..\obj\can.o
 .debug_line    0x000013c1      0x54d ..\obj\stm32f10x_rcc.o
 .debug_line    0x0000190e      0x2d5 ..\obj\misc.o

.debug_str      0x00000000     0x168f
 .debug_str     0x00000000      0x14c ..\obj\startup_stm32f10x_ld.o
                                0x15e (size before relaxing)
 .debug_str     0x0000014c      0x21a ..\obj\system_stm32f10x.o
                                0x30e (size before relaxing)
 .debug_str     0x00000366      0x59b ..\obj\stm32f10x_can.o
                                0x74d (size before relaxing)
 .debug_str     0x00000901      0x39a ..\obj\stm32f10x_gpio.o
                                0x538 (size before relaxing)
 .debug_str     0x00000c9b       0xf2 ..\obj\main.o
                                0x269 (size before relaxing)
 .debug_str     0x00000d8d      0x41b ..\obj\can.o
                                0x93e (size before relaxing)
 .debug_str     0x000011a8      0x377 ..\obj\stm32f10x_rcc.o
                                0x639 (size before relaxing)
 .debug_str     0x0000151f      0x170 ..\obj\misc.o
                                0x3dd (size before relaxing)

.comment        0x00000000       0x5b
 .comment       0x00000000       0x5b ..\obj\startup_stm32f10x_ld.o
                                 0x5c (size before relaxing)
 .comment       0x00000000       0x5c ..\obj\system_stm32f10x.o
 .comment       0x00000000       0x5c ..\obj\stm32f10x_can.o
 .comment       0x00000000       0x5c ..\obj\stm32f10x_gpio.o
 .comment       0x00000000       0x5c ..\obj\main.o
 .comment       0x00000000       0x5c ..\obj\can.o
 .comment       0x00000000       0x5c ..\obj\stm32f10x_rcc.o
 .comment       0x00000000       0x5c ..\obj\misc.o

.ARM.attributes
                0x00000000       0x33
 .ARM.attributes
                0x00000000       0x33 ..\obj\startup_stm32f10x_ld.o
 .ARM.attributes
                0x00000033       0x33 ..\obj\system_stm32f10x.o
 .ARM.attributes
                0x00000066       0x33 ..\obj\stm32f10x_can.o
 .ARM.attributes
                0x00000099       0x33 ..\obj\stm32f10x_gpio.o
 .ARM.attributes
                0x000000cc       0x33 ..\obj\main.o
 .ARM.attributes
                0x000000ff       0x33 ..\obj\can.o
 .ARM.attributes
                0x00000132       0x33 ..\obj\stm32f10x_rcc.o
 .ARM.attributes
                0x00000165       0x33 ..\obj\misc.o

.debug_frame    0x00000000      0xb0c
 .debug_frame   0x00000000       0x48 ..\obj\startup_stm32f10x_ld.o
 .debug_frame   0x00000048       0x80 ..\obj\system_stm32f10x.o
 .debug_frame   0x000000c8      0x2d4 ..\obj\stm32f10x_can.o
 .debug_frame   0x0000039c      0x210 ..\obj\stm32f10x_gpio.o
 .debug_frame   0x000005ac       0x50 ..\obj\main.o
 .debug_frame   0x000005fc       0xec ..\obj\can.o
 .debug_frame   0x000006e8      0x388 ..\obj\stm32f10x_rcc.o
 .debug_frame   0x00000a70       0x9c ..\obj\misc.o
